// Vitest Snapshot v1, https://vitest.dev/guide/snapshot.html

exports[`should match snapshots 1`] = `
[
  "Hello, ",
  <div>
    The number is 
    <b>
      {count}
    </b>
  </div>,
  <br />,
  "The number is ",
  <b>
    {count}
  </b>,
  ".",
]
`;
