// Vitest Snapshot v1, https://vitest.dev/guide/snapshot.html

exports[`should match snapshots 1`] = `"Hello, <a class="text-primary-500 hover:text-primary-400 transition">The number is <b class="font-medium">10</b></a><br/>The number is <b class="font-medium">10</b>."`;
